#-----------------------------------------------------------
# Webtalk v2020.2 (64-bit)
# SW Build 3064766 on Wed Nov 18 09:12:45 MST 2020
# IP Build 3064653 on Wed Nov 18 14:17:31 MST 2020
# Start of session at: Sat Nov 20 09:58:49 2021
# Process ID: 131364
# Current directory: C:/Users/losyo/Desktop/verilog/Lab5/Lab5_slidingwindow_mealy/Lab5_slidingwindow_mealy.sim/sim_1/behav/xsim
# Command line: wbtcv.exe -mode batch -source C:/Users/losyo/Desktop/verilog/Lab5/Lab5_slidingwindow_mealy/Lab5_slidingwindow_mealy.sim/sim_1/behav/xsim/xsim.dir/Lab5_TeamX_Sliding_Window_Sequence_Detector_tb_behav/webtalk/xsim_webtalk.tcl -notrace
# Log file: C:/Users/losyo/Desktop/verilog/Lab5/Lab5_slidingwindow_mealy/Lab5_slidingwindow_mealy.sim/sim_1/behav/xsim/webtalk.log
# Journal file: C:/Users/losyo/Desktop/verilog/Lab5/Lab5_slidingwindow_mealy/Lab5_slidingwindow_mealy.sim/sim_1/behav/xsim\webtalk.jou
#-----------------------------------------------------------
source C:/Users/losyo/Desktop/verilog/Lab5/Lab5_slidingwindow_mealy/Lab5_slidingwindow_mealy.sim/sim_1/behav/xsim/xsim.dir/Lab5_TeamX_Sliding_Window_Sequence_Detector_tb_behav/webtalk/xsim_webtalk.tcl -notrace
